Attempting to find 3d_lowres config. 
Current spacing: [0.64375    0.59245136 0.59245136]. 
Current patch size: (np.int64(96), np.int64(128), np.int64(128)). 
Current median shape: [232.03883495 331.55339806 331.55339806]
Attempting to find 3d_lowres config. 
Current spacing: [0.6630625 0.6102249 0.6102249]. 
Current patch size: (np.int64(96), np.int64(128), np.int64(128)). 
Current median shape: [225.28042228 321.89650297 321.89650297]
Attempting to find 3d_lowres config. 
Current spacing: [0.68295438 0.62853164 0.62853164]. 
Current patch size: (np.int64(96), np.int64(128), np.int64(128)). 
Current median shape: [218.71885659 312.52087667 312.52087667]
Attempting to find 3d_lowres config. 
Current spacing: [0.70344301 0.64738759 0.64738759]. 
Current patch size: (np.int64(96), np.int64(128), np.int64(128)). 
Current median shape: [212.34840445 303.41832686 303.41832686]
Attempting to find 3d_lowres config. 
Current spacing: [0.7245463  0.66680922 0.66680922]. 
Current patch size: (np.int64(96), np.int64(128), np.int64(128)). 
Current median shape: [206.16349947 294.58089987 294.58089987]
Attempting to find 3d_lowres config. 
Current spacing: [0.74628269 0.6868135  0.6868135 ]. 
Current patch size: (np.int64(96), np.int64(128), np.int64(128)). 
Current median shape: [200.15873735 286.00087366 286.00087366]
Attempting to find 3d_lowres config. 
Current spacing: [0.76867117 0.7074179  0.7074179 ]. 
Current patch size: (np.int64(96), np.int64(128), np.int64(128)). 
Current median shape: [194.32887121 277.67075112 277.67075112]
Attempting to find 3d_lowres config. 
Current spacing: [0.7917313  0.72864044 0.72864044]. 
Current patch size: (np.int64(96), np.int64(128), np.int64(128)). 
Current median shape: [188.668807   269.58325352 269.58325352]
Attempting to find 3d_lowres config. 
Current spacing: [0.81548324 0.75049965 0.75049965]. 
Current patch size: (np.int64(96), np.int64(128), np.int64(128)). 
Current median shape: [183.17359903 261.7313141  261.7313141 ]
Attempting to find 3d_lowres config. 
Current spacing: [0.83994774 0.77301464 0.77301464]. 
Current patch size: (np.int64(96), np.int64(128), np.int64(128)). 
Current median shape: [177.83844566 254.10807194 254.10807194]
Attempting to find 3d_lowres config. 
Current spacing: [0.86514617 0.79620508 0.79620508]. 
Current patch size: (np.int64(96), np.int64(128), np.int64(128)). 
Current median shape: [172.65868511 246.70686596 246.70686596]
Attempting to find 3d_lowres config. 
Current spacing: [0.89110055 0.82009123 0.82009123]. 
Current patch size: (np.int64(96), np.int64(128), np.int64(128)). 
Current median shape: [167.62979137 239.52122909 239.52122909]
Attempting to find 3d_lowres config. 
Current spacing: [0.91783357 0.84469397 0.84469397]. 
Current patch size: (np.int64(96), np.int64(128), np.int64(128)). 
Current median shape: [162.74737026 232.54488261 232.54488261]
Attempting to find 3d_lowres config. 
Current spacing: [0.94536858 0.87003479 0.87003479]. 
Current patch size: (np.int64(96), np.int64(128), np.int64(128)). 
Current median shape: [158.00715559 225.77173069 225.77173069]
Attempting to find 3d_lowres config. 
Current spacing: [0.97372964 0.89613583 0.89613583]. 
Current patch size: (np.int64(96), np.int64(128), np.int64(128)). 
Current median shape: [153.40500543 219.19585504 219.19585504]
Attempting to find 3d_lowres config. 
Current spacing: [1.00294152 0.92301991 0.92301991]. 
Current patch size: (np.int64(96), np.int64(128), np.int64(128)). 
Current median shape: [148.93689847 212.81150974 212.81150974]
Attempting to find 3d_lowres config. 
Current spacing: [1.03302977 0.95071051 0.95071051]. 
Current patch size: (np.int64(96), np.int64(128), np.int64(128)). 
Current median shape: [144.59893056 206.61311626 206.61311626]
2D U-Net configuration:
{'data_identifier': 'Project1Plans_2d', 'preprocessor_name': 'DefaultPreprocessor', 'batch_size': 13, 'patch_size': (np.int64(384), np.int64(384)), 'median_image_size_in_voxels': array([341.5, 341.5]), 'spacing': array([0.57519549, 0.57519549]), 'normalization_schemes': ['CTNormalization'], 'use_mask_for_norm': [False], 'resampling_fn_data': 'resample_data_or_seg_to_shape', 'resampling_fn_seg': 'resample_data_or_seg_to_shape', 'resampling_fn_data_kwargs': {'is_seg': False, 'order': 3, 'order_z': 0, 'force_separate_z': None}, 'resampling_fn_seg_kwargs': {'is_seg': True, 'order': 1, 'order_z': 0, 'force_separate_z': None}, 'resampling_fn_probabilities': 'resample_data_or_seg_to_shape', 'resampling_fn_probabilities_kwargs': {'is_seg': False, 'order': 1, 'order_z': 0, 'force_separate_z': None}, 'architecture': {'network_class_name': 'dynamic_network_architectures.architectures.unet.PlainConvUNet', 'arch_kwargs': {'n_stages': 7, 'features_per_stage': (32, 64, 128, 256, 512, 512, 512), 'conv_op': 'torch.nn.modules.conv.Conv2d', 'kernel_sizes': ((3, 3), (3, 3), (3, 3), (3, 3), (3, 3), (3, 3), (3, 3)), 'strides': ((1, 1), (2, 2), (2, 2), (2, 2), (2, 2), (2, 2), (2, 2)), 'n_conv_per_stage': (2, 2, 2, 2, 2, 2, 2), 'n_conv_per_stage_decoder': (2, 2, 2, 2, 2, 2), 'conv_bias': True, 'norm_op': 'torch.nn.modules.instancenorm.InstanceNorm2d', 'norm_op_kwargs': {'eps': 1e-05, 'affine': True}, 'dropout_op': None, 'dropout_op_kwargs': None, 'nonlin': 'torch.nn.LeakyReLU', 'nonlin_kwargs': {'inplace': True}}, '_kw_requires_import': ('conv_op', 'norm_op', 'dropout_op', 'nonlin')}, 'batch_dice': True}

Using <class 'nnunetv2.imageio.nibabel_reader_writer.NibabelIO'> reader/writer
3D lowres U-Net configuration:
{'data_identifier': 'Project1Plans_3d_lowres', 'preprocessor_name': 'DefaultPreprocessor', 'batch_size': 2, 'patch_size': (np.int64(96), np.int64(128), np.int64(128)), 'median_image_size_in_voxels': (145, 207, 207), 'spacing': array([1.03302977, 0.95071051, 0.95071051]), 'normalization_schemes': ['CTNormalization'], 'use_mask_for_norm': [False], 'resampling_fn_data': 'resample_data_or_seg_to_shape', 'resampling_fn_seg': 'resample_data_or_seg_to_shape', 'resampling_fn_data_kwargs': {'is_seg': False, 'order': 3, 'order_z': 0, 'force_separate_z': None}, 'resampling_fn_seg_kwargs': {'is_seg': True, 'order': 1, 'order_z': 0, 'force_separate_z': None}, 'resampling_fn_probabilities': 'resample_data_or_seg_to_shape', 'resampling_fn_probabilities_kwargs': {'is_seg': False, 'order': 1, 'order_z': 0, 'force_separate_z': None}, 'architecture': {'network_class_name': 'dynamic_network_architectures.architectures.unet.PlainConvUNet', 'arch_kwargs': {'n_stages': 6, 'features_per_stage': (32, 64, 128, 256, 320, 320), 'conv_op': 'torch.nn.modules.conv.Conv3d', 'kernel_sizes': ((3, 3, 3), (3, 3, 3), (3, 3, 3), (3, 3, 3), (3, 3, 3), (3, 3, 3)), 'strides': ((1, 1, 1), (2, 2, 2), (2, 2, 2), (2, 2, 2), (2, 2, 2), (1, 2, 2)), 'n_conv_per_stage': (2, 2, 2, 2, 2, 2), 'n_conv_per_stage_decoder': (2, 2, 2, 2, 2), 'conv_bias': True, 'norm_op': 'torch.nn.modules.instancenorm.InstanceNorm3d', 'norm_op_kwargs': {'eps': 1e-05, 'affine': True}, 'dropout_op': None, 'dropout_op_kwargs': None, 'nonlin': 'torch.nn.LeakyReLU', 'nonlin_kwargs': {'inplace': True}}, '_kw_requires_import': ('conv_op', 'norm_op', 'dropout_op', 'nonlin')}, 'batch_dice': False, 'next_stage': '3d_cascade_fullres'}

3D fullres U-Net configuration:
{'data_identifier': 'Project1Plans_3d_fullres', 'preprocessor_name': 'DefaultPreprocessor', 'batch_size': 2, 'patch_size': (np.int64(96), np.int64(128), np.int64(128)), 'median_image_size_in_voxels': array([239. , 341.5, 341.5]), 'spacing': array([0.625     , 0.57519549, 0.57519549]), 'normalization_schemes': ['CTNormalization'], 'use_mask_for_norm': [False], 'resampling_fn_data': 'resample_data_or_seg_to_shape', 'resampling_fn_seg': 'resample_data_or_seg_to_shape', 'resampling_fn_data_kwargs': {'is_seg': False, 'order': 3, 'order_z': 0, 'force_separate_z': None}, 'resampling_fn_seg_kwargs': {'is_seg': True, 'order': 1, 'order_z': 0, 'force_separate_z': None}, 'resampling_fn_probabilities': 'resample_data_or_seg_to_shape', 'resampling_fn_probabilities_kwargs': {'is_seg': False, 'order': 1, 'order_z': 0, 'force_separate_z': None}, 'architecture': {'network_class_name': 'dynamic_network_architectures.architectures.unet.PlainConvUNet', 'arch_kwargs': {'n_stages': 6, 'features_per_stage': (32, 64, 128, 256, 320, 320), 'conv_op': 'torch.nn.modules.conv.Conv3d', 'kernel_sizes': ((3, 3, 3), (3, 3, 3), (3, 3, 3), (3, 3, 3), (3, 3, 3), (3, 3, 3)), 'strides': ((1, 1, 1), (2, 2, 2), (2, 2, 2), (2, 2, 2), (2, 2, 2), (1, 2, 2)), 'n_conv_per_stage': (2, 2, 2, 2, 2, 2), 'n_conv_per_stage_decoder': (2, 2, 2, 2, 2), 'conv_bias': True, 'norm_op': 'torch.nn.modules.instancenorm.InstanceNorm3d', 'norm_op_kwargs': {'eps': 1e-05, 'affine': True}, 'dropout_op': None, 'dropout_op_kwargs': None, 'nonlin': 'torch.nn.LeakyReLU', 'nonlin_kwargs': {'inplace': True}}, '_kw_requires_import': ('conv_op', 'norm_op', 'dropout_op', 'nonlin')}, 'batch_dice': True}

Plans were saved to D:\code_project\whole_heart\project1\04_data\derived\nnUNet_preprocessed\Dataset703_ct_holdG\Project1Plans.json
Preprocessing dataset Dataset703_ct_holdG
Configuration: 3d_fullres...
{'data_identifier': 'Project1Plans_3d_fullres', 'preprocessor_name': 'DefaultPreprocessor', 'batch_size': 2, 'patch_size': [96, 128, 128], 'median_image_size_in_voxels': [239.0, 341.5, 341.5], 'spacing': [0.625, 0.5751954913139343, 0.5751954913139343], 'normalization_schemes': ['CTNormalization'], 'use_mask_for_norm': [False], 'resampling_fn_data': 'resample_data_or_seg_to_shape', 'resampling_fn_seg': 'resample_data_or_seg_to_shape', 'resampling_fn_data_kwargs': {'is_seg': False, 'order': 3, 'order_z': 0, 'force_separate_z': None}, 'resampling_fn_seg_kwargs': {'is_seg': True, 'order': 1, 'order_z': 0, 'force_separate_z': None}, 'resampling_fn_probabilities': 'resample_data_or_seg_to_shape', 'resampling_fn_probabilities_kwargs': {'is_seg': False, 'order': 1, 'order_z': 0, 'force_separate_z': None}, 'architecture': {'network_class_name': 'dynamic_network_architectures.architectures.unet.PlainConvUNet', 'arch_kwargs': {'n_stages': 6, 'features_per_stage': [32, 64, 128, 256, 320, 320], 'conv_op': 'torch.nn.modules.conv.Conv3d', 'kernel_sizes': [[3, 3, 3], [3, 3, 3], [3, 3, 3], [3, 3, 3], [3, 3, 3], [3, 3, 3]], 'strides': [[1, 1, 1], [2, 2, 2], [2, 2, 2], [2, 2, 2], [2, 2, 2], [1, 2, 2]], 'n_conv_per_stage': [2, 2, 2, 2, 2, 2], 'n_conv_per_stage_decoder': [2, 2, 2, 2, 2], 'conv_bias': True, 'norm_op': 'torch.nn.modules.instancenorm.InstanceNorm3d', 'norm_op_kwargs': {'eps': 1e-05, 'affine': True}, 'dropout_op': None, 'dropout_op_kwargs': None, 'nonlin': 'torch.nn.LeakyReLU', 'nonlin_kwargs': {'inplace': True}}, '_kw_requires_import': ['conv_op', 'norm_op', 'dropout_op', 'nonlin']}, 'batch_dice': True}

Preprocessing cases:   0%|          | 0/38 [00:00<?, ?it/s]
Preprocessing cases:   3%|▎         | 1/38 [00:22<14:01, 22.75s/it]
Preprocessing cases:   5%|▌         | 2/38 [00:49<15:08, 25.24s/it]
Preprocessing cases:   8%|▊         | 3/38 [01:04<11:48, 20.24s/it]
Preprocessing cases:  11%|█         | 4/38 [01:16<09:47, 17.29s/it]
Preprocessing cases:  13%|█▎        | 5/38 [01:36<10:00, 18.20s/it]
Preprocessing cases:  16%|█▌        | 6/38 [02:04<11:29, 21.56s/it]
Preprocessing cases:  18%|█▊        | 7/38 [02:27<11:24, 22.07s/it]
Preprocessing cases:  21%|██        | 8/38 [02:49<11:03, 22.11s/it]
Preprocessing cases:  24%|██▎       | 9/38 [03:41<15:09, 31.38s/it]
Preprocessing cases:  26%|██▋       | 10/38 [04:14<14:50, 31.81s/it]
Preprocessing cases:  29%|██▉       | 11/38 [04:33<12:29, 27.78s/it]
Preprocessing cases:  32%|███▏      | 12/38 [04:52<10:56, 25.26s/it]
Preprocessing cases:  34%|███▍      | 13/38 [05:13<09:56, 23.86s/it]
Preprocessing cases:  37%|███▋      | 14/38 [05:28<08:31, 21.30s/it]
Preprocessing cases:  39%|███▉      | 15/38 [06:10<10:34, 27.59s/it]
Preprocessing cases:  42%|████▏     | 16/38 [06:26<08:48, 24.01s/it]
Preprocessing cases:  45%|████▍     | 17/38 [07:08<10:20, 29.53s/it]
Preprocessing cases:  47%|████▋     | 18/38 [07:22<08:13, 24.65s/it]
Preprocessing cases:  50%|█████     | 19/38 [07:55<08:35, 27.13s/it]
Preprocessing cases:  53%|█████▎    | 20/38 [08:15<07:31, 25.08s/it]
Preprocessing cases:  55%|█████▌    | 21/38 [08:23<05:39, 19.97s/it]
Preprocessing cases:  58%|█████▊    | 22/38 [08:34<04:37, 17.36s/it]
Preprocessing cases:  61%|██████    | 23/38 [08:44<03:46, 15.11s/it]
Preprocessing cases:  63%|██████▎   | 24/38 [09:04<03:53, 16.67s/it]
Preprocessing cases:  66%|██████▌   | 25/38 [09:21<03:34, 16.50s/it]
Preprocessing cases:  68%|██████▊   | 26/38 [09:30<02:54, 14.51s/it]
Preprocessing cases:  71%|███████   | 27/38 [09:42<02:28, 13.54s/it]
Preprocessing cases:  74%|███████▎  | 28/38 [09:57<02:22, 14.22s/it]
Preprocessing cases:  76%|███████▋  | 29/38 [10:06<01:52, 12.49s/it]
Preprocessing cases:  79%|███████▉  | 30/38 [10:15<01:30, 11.37s/it]
Preprocessing cases:  82%|████████▏ | 31/38 [10:37<01:43, 14.72s/it]
Preprocessing cases:  84%|████████▍ | 32/38 [10:54<01:32, 15.40s/it]
Preprocessing cases:  87%|████████▋ | 33/38 [11:04<01:08, 13.74s/it]
Preprocessing cases:  89%|████████▉ | 34/38 [11:24<01:02, 15.68s/it]
Preprocessing cases:  92%|█████████▏| 35/38 [11:37<00:44, 14.72s/it]
Preprocessing cases:  95%|█████████▍| 36/38 [11:52<00:30, 15.01s/it]
Preprocessing cases:  97%|█████████▋| 37/38 [12:01<00:13, 13.14s/it]
Preprocessing cases: 100%|██████████| 38/38 [12:11<00:00, 12.15s/it]
Preprocessing cases: 100%|██████████| 38/38 [12:11<00:00, 19.25s/it]
