Using <class 'nnunetv2.imageio.nibabel_reader_writer.NibabelIO'> reader/writer

Extracting dataset fingerprint:   0%|          | 0/15 [00:00<?, ?it/s]
Extracting dataset fingerprint:   7%|▋         | 1/15 [00:03<00:43,  3.12s/it]
Extracting dataset fingerprint:  13%|█▎        | 2/15 [00:04<00:23,  1.82s/it]
Extracting dataset fingerprint:  20%|██        | 3/15 [00:04<00:14,  1.22s/it]
Extracting dataset fingerprint:  27%|██▋       | 4/15 [00:04<00:09,  1.12it/s]
Extracting dataset fingerprint:  33%|███▎      | 5/15 [00:05<00:07,  1.39it/s]
Extracting dataset fingerprint:  40%|████      | 6/15 [00:05<00:05,  1.64it/s]
Extracting dataset fingerprint:  47%|████▋     | 7/15 [00:06<00:04,  1.64it/s]
Extracting dataset fingerprint:  53%|█████▎    | 8/15 [00:06<00:03,  1.84it/s]
Extracting dataset fingerprint:  60%|██████    | 9/15 [00:07<00:03,  1.52it/s]
Extracting dataset fingerprint:  67%|██████▋   | 10/15 [00:08<00:03,  1.64it/s]
Extracting dataset fingerprint:  73%|███████▎  | 11/15 [00:09<00:02,  1.37it/s]
Extracting dataset fingerprint:  80%|████████  | 12/15 [00:09<00:02,  1.33it/s]
Extracting dataset fingerprint:  87%|████████▋ | 13/15 [00:11<00:01,  1.12it/s]
Extracting dataset fingerprint:  93%|█████████▎| 14/15 [00:11<00:00,  1.34it/s]
Extracting dataset fingerprint: 100%|██████████| 15/15 [00:12<00:00,  1.49it/s]
Extracting dataset fingerprint: 100%|██████████| 15/15 [00:12<00:00,  1.23it/s]
Attempting to find 3d_lowres config. 
Current spacing: [1.08149995 1.00138888 1.00138888]. 
Current patch size: (np.int64(64), np.int64(160), np.int64(128)). 
Current median shape: [154.36893204 309.70873786 282.52427184]
Attempting to find 3d_lowres config. 
Current spacing: [1.11394495 1.03143054 1.03143054]. 
Current patch size: (np.int64(64), np.int64(160), np.int64(128)). 
Current median shape: [149.87274955 300.68809501 274.29540956]
Attempting to find 3d_lowres config. 
Current spacing: [1.1473633  1.06237346 1.06237346]. 
Current patch size: (np.int64(80), np.int64(128), np.int64(128)). 
Current median shape: [145.50752384 291.93018933 266.30622287]
Attempting to find 3d_lowres config. 
Current spacing: [1.1817842  1.09424466 1.09424466]. 
Current patch size: (np.int64(64), np.int64(160), np.int64(128)). 
Current median shape: [141.26944062 283.42736829 258.54973094]
Attempting to find 3d_lowres config. 
Current spacing: [1.21723772 1.127072   1.127072  ]. 
Current patch size: (np.int64(64), np.int64(160), np.int64(128)). 
Current median shape: [137.15479672 275.17220222 251.01915626]
Attempting to find 3d_lowres config. 
Current spacing: [1.25375485 1.16088416 1.16088416]. 
Current patch size: (np.int64(64), np.int64(160), np.int64(128)). 
Current median shape: [133.15999681 267.15747788 243.70791869]
Attempting to find 3d_lowres config. 
Current spacing: [1.2913675  1.19571069 1.19571069]. 
Current patch size: (np.int64(64), np.int64(160), np.int64(128)). 
Current median shape: [129.2815503  259.37619212 236.6096298 ]
Attempting to find 3d_lowres config. 
Current spacing: [1.33010853 1.23158201 1.23158201]. 
Current patch size: (np.int64(80), np.int64(128), np.int64(128)). 
Current median shape: [125.51606826 251.82154575 229.71808719]
Attempting to find 3d_lowres config. 
Current spacing: [1.37001178 1.26852947 1.26852947]. 
Current patch size: (np.int64(80), np.int64(128), np.int64(128)). 
Current median shape: [121.86026044 244.48693762 223.02726911]
Attempting to find 3d_lowres config. 
Current spacing: [1.41111213 1.30658535 1.30658535]. 
Current patch size: (np.int64(64), np.int64(160), np.int64(128)). 
Current median shape: [118.31093247 237.36595885 216.53132923]
Attempting to find 3d_lowres config. 
Current spacing: [1.4534455  1.34578291 1.34578291]. 
Current patch size: (np.int64(80), np.int64(128), np.int64(128)). 
Current median shape: [114.86498298 230.45238724 210.22459149]
Attempting to find 3d_lowres config. 
Current spacing: [1.49704886 1.3861564  1.3861564 ]. 
Current patch size: (np.int64(80), np.int64(128), np.int64(128)). 
Current median shape: [111.51940095 223.74018178 204.10154514]
2D U-Net configuration:
{'data_identifier': 'Project1Plans_2d', 'preprocessor_name': 'DefaultPreprocessor', 'batch_size': 19, 'patch_size': (np.int64(320), np.int64(320)), 'median_image_size_in_voxels': array([319., 291.]), 'spacing': array([0.97222221, 0.97222221]), 'normalization_schemes': ['ZScoreNormalization'], 'use_mask_for_norm': [False], 'resampling_fn_data': 'resample_data_or_seg_to_shape', 'resampling_fn_seg': 'resample_data_or_seg_to_shape', 'resampling_fn_data_kwargs': {'is_seg': False, 'order': 3, 'order_z': 0, 'force_separate_z': None}, 'resampling_fn_seg_kwargs': {'is_seg': True, 'order': 1, 'order_z': 0, 'force_separate_z': None}, 'resampling_fn_probabilities': 'resample_data_or_seg_to_shape', 'resampling_fn_probabilities_kwargs': {'is_seg': False, 'order': 1, 'order_z': 0, 'force_separate_z': None}, 'architecture': {'network_class_name': 'dynamic_network_architectures.architectures.unet.PlainConvUNet', 'arch_kwargs': {'n_stages': 7, 'features_per_stage': (32, 64, 128, 256, 512, 512, 512), 'conv_op': 'torch.nn.modules.conv.Conv2d', 'kernel_sizes': ((3, 3), (3, 3), (3, 3), (3, 3), (3, 3), (3, 3), (3, 3)), 'strides': ((1, 1), (2, 2), (2, 2), (2, 2), (2, 2), (2, 2), (2, 2)), 'n_conv_per_stage': (2, 2, 2, 2, 2, 2, 2), 'n_conv_per_stage_decoder': (2, 2, 2, 2, 2, 2), 'conv_bias': True, 'norm_op': 'torch.nn.modules.instancenorm.InstanceNorm2d', 'norm_op_kwargs': {'eps': 1e-05, 'affine': True}, 'dropout_op': None, 'dropout_op_kwargs': None, 'nonlin': 'torch.nn.LeakyReLU', 'nonlin_kwargs': {'inplace': True}}, '_kw_requires_import': ('conv_op', 'norm_op', 'dropout_op', 'nonlin')}, 'batch_dice': True}

Using <class 'nnunetv2.imageio.nibabel_reader_writer.NibabelIO'> reader/writer
3D lowres U-Net configuration:
{'data_identifier': 'Project1Plans_3d_lowres', 'preprocessor_name': 'DefaultPreprocessor', 'batch_size': 2, 'patch_size': (np.int64(80), np.int64(128), np.int64(128)), 'median_image_size_in_voxels': (112, 224, 204), 'spacing': array([1.49704886, 1.3861564 , 1.3861564 ]), 'normalization_schemes': ['ZScoreNormalization'], 'use_mask_for_norm': [False], 'resampling_fn_data': 'resample_data_or_seg_to_shape', 'resampling_fn_seg': 'resample_data_or_seg_to_shape', 'resampling_fn_data_kwargs': {'is_seg': False, 'order': 3, 'order_z': 0, 'force_separate_z': None}, 'resampling_fn_seg_kwargs': {'is_seg': True, 'order': 1, 'order_z': 0, 'force_separate_z': None}, 'resampling_fn_probabilities': 'resample_data_or_seg_to_shape', 'resampling_fn_probabilities_kwargs': {'is_seg': False, 'order': 1, 'order_z': 0, 'force_separate_z': None}, 'architecture': {'network_class_name': 'dynamic_network_architectures.architectures.unet.PlainConvUNet', 'arch_kwargs': {'n_stages': 6, 'features_per_stage': (32, 64, 128, 256, 320, 320), 'conv_op': 'torch.nn.modules.conv.Conv3d', 'kernel_sizes': ((3, 3, 3), (3, 3, 3), (3, 3, 3), (3, 3, 3), (3, 3, 3), (3, 3, 3)), 'strides': ((1, 1, 1), (2, 2, 2), (2, 2, 2), (2, 2, 2), (2, 2, 2), (1, 2, 2)), 'n_conv_per_stage': (2, 2, 2, 2, 2, 2), 'n_conv_per_stage_decoder': (2, 2, 2, 2, 2), 'conv_bias': True, 'norm_op': 'torch.nn.modules.instancenorm.InstanceNorm3d', 'norm_op_kwargs': {'eps': 1e-05, 'affine': True}, 'dropout_op': None, 'dropout_op_kwargs': None, 'nonlin': 'torch.nn.LeakyReLU', 'nonlin_kwargs': {'inplace': True}}, '_kw_requires_import': ('conv_op', 'norm_op', 'dropout_op', 'nonlin')}, 'batch_dice': False, 'next_stage': '3d_cascade_fullres'}

3D fullres U-Net configuration:
{'data_identifier': 'Project1Plans_3d_fullres', 'preprocessor_name': 'DefaultPreprocessor', 'batch_size': 2, 'patch_size': (np.int64(64), np.int64(160), np.int64(128)), 'median_image_size_in_voxels': array([159., 319., 291.]), 'spacing': array([1.04999995, 0.97222221, 0.97222221]), 'normalization_schemes': ['ZScoreNormalization'], 'use_mask_for_norm': [False], 'resampling_fn_data': 'resample_data_or_seg_to_shape', 'resampling_fn_seg': 'resample_data_or_seg_to_shape', 'resampling_fn_data_kwargs': {'is_seg': False, 'order': 3, 'order_z': 0, 'force_separate_z': None}, 'resampling_fn_seg_kwargs': {'is_seg': True, 'order': 1, 'order_z': 0, 'force_separate_z': None}, 'resampling_fn_probabilities': 'resample_data_or_seg_to_shape', 'resampling_fn_probabilities_kwargs': {'is_seg': False, 'order': 1, 'order_z': 0, 'force_separate_z': None}, 'architecture': {'network_class_name': 'dynamic_network_architectures.architectures.unet.PlainConvUNet', 'arch_kwargs': {'n_stages': 6, 'features_per_stage': (32, 64, 128, 256, 320, 320), 'conv_op': 'torch.nn.modules.conv.Conv3d', 'kernel_sizes': ((3, 3, 3), (3, 3, 3), (3, 3, 3), (3, 3, 3), (3, 3, 3), (3, 3, 3)), 'strides': ((1, 1, 1), (2, 2, 2), (2, 2, 2), (2, 2, 2), (2, 2, 2), (1, 2, 2)), 'n_conv_per_stage': (2, 2, 2, 2, 2, 2), 'n_conv_per_stage_decoder': (2, 2, 2, 2, 2), 'conv_bias': True, 'norm_op': 'torch.nn.modules.instancenorm.InstanceNorm3d', 'norm_op_kwargs': {'eps': 1e-05, 'affine': True}, 'dropout_op': None, 'dropout_op_kwargs': None, 'nonlin': 'torch.nn.LeakyReLU', 'nonlin_kwargs': {'inplace': True}}, '_kw_requires_import': ('conv_op', 'norm_op', 'dropout_op', 'nonlin')}, 'batch_dice': True}

Plans were saved to D:\code_project\whole_heart\project1\04_data\derived\nnUNet_preprocessed\Dataset705_mr_holdE\Project1Plans.json
Preprocessing dataset Dataset705_mr_holdE
Configuration: 3d_fullres...
{'data_identifier': 'Project1Plans_3d_fullres', 'preprocessor_name': 'DefaultPreprocessor', 'batch_size': 2, 'patch_size': [64, 160, 128], 'median_image_size_in_voxels': [159.0, 319.0, 291.0], 'spacing': [1.0499999523162842, 0.9722222089767456, 0.9722222089767456], 'normalization_schemes': ['ZScoreNormalization'], 'use_mask_for_norm': [False], 'resampling_fn_data': 'resample_data_or_seg_to_shape', 'resampling_fn_seg': 'resample_data_or_seg_to_shape', 'resampling_fn_data_kwargs': {'is_seg': False, 'order': 3, 'order_z': 0, 'force_separate_z': None}, 'resampling_fn_seg_kwargs': {'is_seg': True, 'order': 1, 'order_z': 0, 'force_separate_z': None}, 'resampling_fn_probabilities': 'resample_data_or_seg_to_shape', 'resampling_fn_probabilities_kwargs': {'is_seg': False, 'order': 1, 'order_z': 0, 'force_separate_z': None}, 'architecture': {'network_class_name': 'dynamic_network_architectures.architectures.unet.PlainConvUNet', 'arch_kwargs': {'n_stages': 6, 'features_per_stage': [32, 64, 128, 256, 320, 320], 'conv_op': 'torch.nn.modules.conv.Conv3d', 'kernel_sizes': [[3, 3, 3], [3, 3, 3], [3, 3, 3], [3, 3, 3], [3, 3, 3], [3, 3, 3]], 'strides': [[1, 1, 1], [2, 2, 2], [2, 2, 2], [2, 2, 2], [2, 2, 2], [1, 2, 2]], 'n_conv_per_stage': [2, 2, 2, 2, 2, 2], 'n_conv_per_stage_decoder': [2, 2, 2, 2, 2], 'conv_bias': True, 'norm_op': 'torch.nn.modules.instancenorm.InstanceNorm3d', 'norm_op_kwargs': {'eps': 1e-05, 'affine': True}, 'dropout_op': None, 'dropout_op_kwargs': None, 'nonlin': 'torch.nn.LeakyReLU', 'nonlin_kwargs': {'inplace': True}}, '_kw_requires_import': ['conv_op', 'norm_op', 'dropout_op', 'nonlin']}, 'batch_dice': True}

Preprocessing cases:   0%|          | 0/19 [00:00<?, ?it/s]
Preprocessing cases:   5%|▌         | 1/19 [00:24<07:25, 24.75s/it]
Preprocessing cases:  11%|█         | 2/19 [00:43<05:58, 21.09s/it]
Preprocessing cases:  16%|█▌        | 3/19 [00:50<03:56, 14.81s/it]
Preprocessing cases:  21%|██        | 4/19 [00:51<02:20,  9.40s/it]
Preprocessing cases:  26%|██▋       | 5/19 [00:57<01:55,  8.26s/it]
Preprocessing cases:  32%|███▏      | 6/19 [01:04<01:41,  7.78s/it]
Preprocessing cases:  37%|███▋      | 7/19 [01:13<01:36,  8.06s/it]
Preprocessing cases:  42%|████▏     | 8/19 [01:20<01:23,  7.61s/it]
Preprocessing cases:  47%|████▋     | 9/19 [01:36<01:45, 10.52s/it]
Preprocessing cases:  53%|█████▎    | 10/19 [01:45<01:28,  9.79s/it]
Preprocessing cases:  58%|█████▊    | 11/19 [02:05<01:44, 13.04s/it]
Preprocessing cases:  63%|██████▎   | 12/19 [02:21<01:37, 13.97s/it]
Preprocessing cases:  68%|██████▊   | 13/19 [02:44<01:39, 16.60s/it]
Preprocessing cases:  74%|███████▎  | 14/19 [02:57<01:17, 15.45s/it]
Preprocessing cases:  79%|███████▉  | 15/19 [02:58<00:44, 11.16s/it]
Preprocessing cases:  84%|████████▍ | 16/19 [02:59<00:24,  8.19s/it]
Preprocessing cases:  89%|████████▉ | 17/19 [03:01<00:12,  6.18s/it]
Preprocessing cases:  95%|█████████▍| 18/19 [03:02<00:04,  4.72s/it]
Preprocessing cases: 100%|██████████| 19/19 [03:03<00:00,  3.66s/it]
Preprocessing cases: 100%|██████████| 19/19 [03:03<00:00,  9.67s/it]
